Vicente@LAPTOP-STVE6LI5 MINGW64 ~/desktop/lab_git_merge (master)
$ git checkout -b
error: switch `b' requires a value

Vicente@LAPTOP-STVE6LI5 MINGW64 ~/desktop/lab_git_merge (master)
$ git checkout -b rama
Switched to a new branch 'rama'

Vicente@LAPTOP-STVE6LI5 MINGW64 ~/desktop/lab_git_merge (rama)
$ git branch
  master
* rama

Vicente@LAPTOP-STVE6LI5 MINGW64 ~/desktop/lab_git_merge (rama)
$ git checkout

Vicente@LAPTOP-STVE6LI5 MINGW64 ~/desktop/lab_git_merge (rama)
$ git checkout master
Switched to branch 'master'
Your branch is ahead of 'origin/master' by 1 commit.
  (use "git push" to publish your local commits)

Vicente@LAPTOP-STVE6LI5 MINGW64 ~/desktop/lab_git_merge (master)
$ git status
On branch master
Your branch is ahead of 'origin/master' by 1 commit.
  (use "git push" to publish your local commits)

nothing to commit, working tree clean

Vicente@LAPTOP-STVE6LI5 MINGW64 ~/desktop/lab_git_merge (master)
$ touch test1

Vicente@LAPTOP-STVE6LI5 MINGW64 ~/desktop/lab_git_merge (master)
$ git add test1.txt

Vicente@LAPTOP-STVE6LI5 MINGW64 ~/desktop/lab_git_merge (master)
$ git commit -m 'voy a hacer cambios raros'
[master 01e770c] voy a hacer cambios raros
 1 file changed, 0 insertions(+), 0 deletions(-)
 create mode 100644 test1.txt

Vicente@LAPTOP-STVE6LI5 MINGW64 ~/desktop/lab_git_merge (master)
$ git checkout rama
Switched to branch 'rama'

Vicente@LAPTOP-STVE6LI5 MINGW64 ~/desktop/lab_git_merge (rama)
$ git checkout master
Switched to branch 'master'
Your branch is ahead of 'origin/master' by 2 commits.
  (use "git push" to publish your local commits)

Vicente@LAPTOP-STVE6LI5 MINGW64 ~/desktop/lab_git_merge (master)
$ git push
Enumerating objects: 6, done.
Counting objects: 100% (6/6), done.
Delta compression using up to 8 threads
Compressing objects: 100% (4/4), done.
Writing objects: 100% (5/5), 468 bytes | 468.00 KiB/s, done.
Total 5 (delta 2), reused 1 (delta 0), pack-reused 0
remote: Resolving deltas: 100% (2/2), completed with 1 local object.
To https://github.com/vdiazpliego/lab_git_merge.git
   432b8ad..01e770c  master -> master

Vicente@LAPTOP-STVE6LI5 MINGW64 ~/desktop/lab_git_merge (master)
$ git checkout rama
Switched to branch 'rama'

Vicente@LAPTOP-STVE6LI5 MINGW64 ~/desktop/lab_git_merge (rama)
$ touch text1.txt

Vicente@LAPTOP-STVE6LI5 MINGW64 ~/desktop/lab_git_merge (rama)
$ git status
On branch rama
Untracked files:
  (use "git add <file>..." to include in what will be committed)
        text1.txt

nothing added to commit but untracked files present (use "git add" to track)

Vicente@LAPTOP-STVE6LI5 MINGW64 ~/desktop/lab_git_merge (rama)
$ git add test1.txt
fatal: pathspec 'test1.txt' did not match any files

Vicente@LAPTOP-STVE6LI5 MINGW64 ~/desktop/lab_git_merge (rama)
$ git pull origin master
From https://github.com/vdiazpliego/lab_git_merge
 * branch            master     -> FETCH_HEAD
Updating 706936e..01e770c
Fast-forward
 test1.txt | 0
 1 file changed, 0 insertions(+), 0 deletions(-)
 create mode 100644 test1.txt

Vicente@LAPTOP-STVE6LI5 MINGW64 ~/desktop/lab_git_merge (master)
$ git merge
Already up to date.

